== go test compile-only ./... ==
# github.com/daniellavrushin/b4/detector
detector/adns_detector.go:345:6: syntax error: unexpected name controlsPass, expected (
detector/adns_detector.go:361:6: syntax error: unexpected name correlatedGroup, expected (
detector/adns_detector.go:366:6: syntax error: unexpected name confidenceScore, expected (
FAIL	github.com/daniellavrushin/b4 [build failed]
ok  	github.com/daniellavrushin/b4/action	(cached) [no tests to run]
ok  	github.com/daniellavrushin/b4/adblock	(cached) [no tests to run]
ok  	github.com/daniellavrushin/b4/ai	(cached) [no tests to run]
ok  	github.com/daniellavrushin/b4/capture	(cached) [no tests to run]
ok  	github.com/daniellavrushin/b4/capture/ppe	(cached) [no tests to run]
ok  	github.com/daniellavrushin/b4/classifier	(cached) [no tests to run]
ok  	github.com/daniellavrushin/b4/clock	(cached) [no tests to run]
ok  	github.com/daniellavrushin/b4/cmd/b4-field-test	(cached) [no tests to run]
ok  	github.com/daniellavrushin/b4/cmd/b4-validate	(cached) [no tests to run]
?   	github.com/daniellavrushin/b4/cmd/echprobe	[no test files]
?   	github.com/daniellavrushin/b4/cmd/fxvpnctl	[no test files]
ok  	github.com/daniellavrushin/b4/cmd/ppe-probe	(cached) [no tests to run]
?   	github.com/daniellavrushin/b4/cmd/torctl	[no test files]
?   	github.com/daniellavrushin/b4/cmd/warpenroll	[no test files]
ok  	github.com/daniellavrushin/b4/cmd/warpfieldprobe	(cached) [no tests to run]
ok  	github.com/daniellavrushin/b4/config	(cached) [no tests to run]
ok  	github.com/daniellavrushin/b4/crossservice	(cached) [no tests to run]
FAIL	github.com/daniellavrushin/b4/detector [build failed]
ok  	github.com/daniellavrushin/b4/dhcp	(cached) [no tests to run]
ok  	github.com/daniellavrushin/b4/diagnostics	(cached) [no tests to run]
ok  	github.com/daniellavrushin/b4/discord	(cached) [no tests to run]
FAIL	github.com/daniellavrushin/b4/discovery [build failed]
ok  	github.com/daniellavrushin/b4/dns	0.004s [no tests to run]
?   	github.com/daniellavrushin/b4/engine	[no test files]
ok  	github.com/daniellavrushin/b4/fieldtest	(cached) [no tests to run]
ok  	github.com/daniellavrushin/b4/fixtures	0.004s [no tests to run]
ok  	github.com/daniellavrushin/b4/fxvpservice	(cached) [no tests to run]
ok  	github.com/daniellavrushin/b4/geodat	(cached) [no tests to run]
FAIL	github.com/daniellavrushin/b4/http [build failed]
FAIL	github.com/daniellavrushin/b4/http/handler [build failed]
FAIL	github.com/daniellavrushin/b4/http/ws [build failed]
ok  	github.com/daniellavrushin/b4/lab	(cached) [no tests to run]
?   	github.com/daniellavrushin/b4/leaktest	[no test files]
ok  	github.com/daniellavrushin/b4/log	(cached) [no tests to run]
?   	github.com/daniellavrushin/b4/metrics	[no test files]
ok  	github.com/daniellavrushin/b4/monitor	(cached) [no tests to run]
FAIL	github.com/daniellavrushin/b4/monitoring [build failed]
ok  	github.com/daniellavrushin/b4/mtproto	(cached) [no tests to run]
ok  	github.com/daniellavrushin/b4/netprobe	0.004s [no tests to run]
ok  	github.com/daniellavrushin/b4/nfq	0.006s [no tests to run]
ok  	github.com/daniellavrushin/b4/observability	(cached) [no tests to run]
ok  	github.com/daniellavrushin/b4/operaservice	0.004s [no tests to run]
ok  	github.com/daniellavrushin/b4/packetmark	(cached) [no tests to run]
ok  	github.com/daniellavrushin/b4/protonservice	0.004s [no tests to run]
ok  	github.com/daniellavrushin/b4/quic	(cached) [no tests to run]
ok  	github.com/daniellavrushin/b4/reserve	(cached) [no tests to run]
ok  	github.com/daniellavrushin/b4/routing	(cached) [no tests to run]
ok  	github.com/daniellavrushin/b4/runtimecontrol	0.004s [no tests to run]
ok  	github.com/daniellavrushin/b4/serviceprofile	(cached) [no tests to run]
?   	github.com/daniellavrushin/b4/serviceprofile/schema	[no test files]
ok  	github.com/daniellavrushin/b4/serviceprofile/validate	(cached) [no tests to run]
ok  	github.com/daniellavrushin/b4/silentpath	(cached) [no tests to run]
ok  	github.com/daniellavrushin/b4/sni	(cached) [no tests to run]
ok  	github.com/daniellavrushin/b4/sock	(cached) [no tests to run]
ok  	github.com/daniellavrushin/b4/socks5	(cached) [no tests to run]
?   	github.com/daniellavrushin/b4/stun	[no test files]
ok  	github.com/daniellavrushin/b4/tables	0.006s [no tests to run]
ok  	github.com/daniellavrushin/b4/tlsgen	(cached) [no tests to run]
ok  	github.com/daniellavrushin/b4/torservice	0.009s [no tests to run]
ok  	github.com/daniellavrushin/b4/tproxy	(cached) [no tests to run]
ok  	github.com/daniellavrushin/b4/transport/dns	0.005s [no tests to run]
ok  	github.com/daniellavrushin/b4/transport/dns/faultlab	0.004s [no tests to run]
ok  	github.com/daniellavrushin/b4/transport/dns/managed	0.003s [no tests to run]
ok  	github.com/daniellavrushin/b4/transport/dns/providers	0.005s [no tests to run]
ok  	github.com/daniellavrushin/b4/transport/fxvpn	(cached) [no tests to run]
ok  	github.com/daniellavrushin/b4/transport/nested	0.004s [no tests to run]
ok  	github.com/daniellavrushin/b4/transport/opera	0.003s [no tests to run]
ok  	github.com/daniellavrushin/b4/transport/proton	0.004s [no tests to run]
ok  	github.com/daniellavrushin/b4/transport/quici1	(cached) [no tests to run]
ok  	github.com/daniellavrushin/b4/transport/tor	(cached) [no tests to run]
ok  	github.com/daniellavrushin/b4/transport/torscan	(cached) [no tests to run]
ok  	github.com/daniellavrushin/b4/transport/torsnowflake	(cached) [no tests to run]
ok  	github.com/daniellavrushin/b4/transport/warp	(cached) [no tests to run]
ok  	github.com/daniellavrushin/b4/transport/warpwire	(cached) [no tests to run]
ok  	github.com/daniellavrushin/b4/transport/wg	0.005s [no tests to run]
ok  	github.com/daniellavrushin/b4/transport/wgprobe	0.003s [no tests to run]
?   	github.com/daniellavrushin/b4/transport/wgprobe/wgprobetest	[no test files]
ok  	github.com/daniellavrushin/b4/tun	0.004s [no tests to run]
ok  	github.com/daniellavrushin/b4/utils	(cached) [no tests to run]
ok  	github.com/daniellavrushin/b4/validation	(cached) [no tests to run]
ok  	github.com/daniellavrushin/b4/warp	(cached) [no tests to run]
ok  	github.com/daniellavrushin/b4/warpservice	(cached) [no tests to run]
FAIL	github.com/daniellavrushin/b4/watchdog [build failed]
FAIL
FAILED: go test compile-only ./... (exit 1)
